	-1.67989e-06	.	.		30	0	0
	-2.23809e-06	.	.		17	0	0
	-1.82511e-06	.	.		16	0	0
	-2.23809e-06	.	.		18	0	0
	-4.98174e-05	.	.		17	0	0
	-2.23809e-06	.	.		11	0	0
	-9.18309	.	.		71	0	0
	-8.67535	.	.		56	0	0
	-9.11616	.	.		50	0	0
	-inf	.	.		56	0	43
	-inf	.	.		50	50	0
	-inf	.	.		50	0	50
	-inf	.	.		3	0	0
	-inf	.	.		50	50	0
	-inf	.	.		56	0	47
	-inf	.	.		50	0	50
	-inf	.	.		53	0	39
	-20.8357	.	.		38	50	0
