##fileformat=VCFv4.3
##FILTER=<ID=PASS,Description="All filters passed">
##contig=<ID=1,length=135006516>
##FORMAT=<ID=GT,Number=1,Type=String,Description="Genotype">
##INFO=<ID=OLD_REC,Number=1,Type=String,Description="Original variant. Format: CHR|POS|REF|ALT|USED_ALT_IDX">
#CHROM	POS	ID	REF	ALT	QUAL	FILTER	INFO	FORMAT	sample
1	100	.	C	G	.	.	OLD_REC=1|100|CC|GG|1	GT	0/1
1	101	.	C	G	.	.	OLD_REC=1|100|CC|GG|1	GT	0/1
1	110	.	C	T,<*>	.	.	.	GT	0/1
